// Jest Snapshot v1, https://goo.gl/fbAQLP

exports[`Should render the AddShapeDiv correctly 1`] = `
<Fragment>
  <Styled(button)
    onClick={[Function]}
    type="toggle"
  >
    Create your own shape
  </Styled(button)>
  <Styled(button)
    onClick={[Function]}
  >
    Reset
  </Styled(button)>
</Fragment>
`;
