// Jest Snapshot v1, https://goo.gl/fbAQLP

exports[`Should render the AddShapeDiv correctly 1`] = `
<AddShapeDiv
  addShape={[MockFunction]}
>
  <Styled(button)
    onClick={[Function]}
    type="toggle"
  >
    <button
      className="css-njncyf"
      onClick={[Function]}
      type="toggle"
    >
      Create your own shape
    </button>
  </Styled(button)>
</AddShapeDiv>
`;
