// Jest Snapshot v1, https://goo.gl/fbAQLP

exports[`Should render header correctly 1`] = `
<Styled(header)>
  <Styled(h1)>
    Shape Sorter Online
    <Styled(img)
      alt="Site logo"
      src="logo.png"
    />
  </Styled(h1)>
  <Styled(h2)>
    Leave your shape sorting to a computer
  </Styled(h2)>
</Styled(header)>
`;
