// Jest Snapshot v1, https://goo.gl/fbAQLP

exports[`Should render shape list item with data 1`] = `
<ShapeListItem
  sideOne={10}
>
  <div>
    <Styled(div)
      aria-readonly="true"
      role="User created Circle"
    >
      <div
        aria-readonly="true"
        className="css-17rcfy7"
        role="User created Circle"
      />
    </Styled(div)>
  </div>
</ShapeListItem>
`;
